// Jest Snapshot v1, https://goo.gl/fbAQLP

exports[`MnemonicDisplay snapshot 1`] = `
<View
  className="flex-row h-auto border-[6px] border-custom_border rounded-xl bg-custom_complement my-5 "
>
  <View
    className="flex-1 flex-col justify-between m-2"
  >
    <View
      className="flex-row w-full px-2 p-4 my-1 bg-custom_border justify-center rounded-lg"
    >
      <Text
        className="flex-1 p-2 text-white rounded-md text-lg"
      >
        1
        . 
        word
      </Text>
    </View>
    <View
      className="flex-row w-full px-2 p-4 my-1 bg-custom_border justify-center rounded-lg"
    >
      <Text
        className="flex-1 p-2 text-white rounded-md text-lg"
      >
        2
        . 
        word
      </Text>
    </View>
    <View
      className="flex-row w-full px-2 p-4 my-1 bg-custom_border justify-center rounded-lg"
    >
      <Text
        className="flex-1 p-2 text-white rounded-md text-lg"
      >
        3
        . 
        word
      </Text>
    </View>
    <View
      className="flex-row w-full px-2 p-4 my-1 bg-custom_border justify-center rounded-lg"
    >
      <Text
        className="flex-1 p-2 text-white rounded-md text-lg"
      >
        4
        . 
        word
      </Text>
    </View>
    <View
      className="flex-row w-full px-2 p-4 my-1 bg-custom_border justify-center rounded-lg"
    >
      <Text
        className="flex-1 p-2 text-white rounded-md text-lg"
      >
        5
        . 
        word
      </Text>
    </View>
    <View
      className="flex-row w-full px-2 p-4 my-1 bg-custom_border justify-center rounded-lg"
    >
      <Text
        className="flex-1 p-2 text-white rounded-md text-lg"
      >
        6
        . 
        word
      </Text>
    </View>
  </View>
  <View
    className="flex-1 flex-col justify-between m-2"
  >
    <View
      className="flex-row w-full px-2 p-4 my-1 bg-custom_border justify-center rounded-lg"
    >
      <Text
        className="flex-1 p-2 text-white rounded-md text-lg"
      >
        7
        . 
        word
      </Text>
    </View>
    <View
      className="flex-row w-full px-2 p-4 my-1 bg-custom_border justify-center rounded-lg"
    >
      <Text
        className="flex-1 p-2 text-white rounded-md text-lg"
      >
        8
        . 
        word
      </Text>
    </View>
    <View
      className="flex-row w-full px-2 p-4 my-1 bg-custom_border justify-center rounded-lg"
    >
      <Text
        className="flex-1 p-2 text-white rounded-md text-lg"
      >
        9
        . 
        word
      </Text>
    </View>
    <View
      className="flex-row w-full px-2 p-4 my-1 bg-custom_border justify-center rounded-lg"
    >
      <Text
        className="flex-1 p-2 text-white rounded-md text-lg"
      >
        10
        . 
        word
      </Text>
    </View>
    <View
      className="flex-row w-full px-2 p-4 my-1 bg-custom_border justify-center rounded-lg"
    >
      <Text
        className="flex-1 p-2 text-white rounded-md text-lg"
      >
        11
        . 
        word
      </Text>
    </View>
    <View
      className="flex-row w-full px-2 p-4 my-1 bg-custom_border justify-center rounded-lg"
    >
      <Text
        className="flex-1 p-2 text-white rounded-md text-lg"
      >
        12
        . 
        word
      </Text>
    </View>
  </View>
</View>
`;
